mc_tasks.c:520:13:FOC_Clear	24	static
mc_tasks.c:108:13:MCboot	48	static
mc_tasks.c:556:13:FOC_InitAdditionalMethods	0	static
mc_tasks.c:580:13:FOC_CalcCurrRef	8	static
mc_tasks.c:607:13:TSK_SetChargeBootCapDelayM1	0	static
mc_tasks.c:618:13:TSK_ChargeBootCapDelayHasElapsedM1	0	static
mc_tasks.c:634:13:TSK_SetStopPermanencyTimeM1	0	static
mc_tasks.c:234:6:TSK_MF_StopProcessing	8	static
mc_tasks.c:645:13:TSK_StopPermanencyTimeHasElapsedM1	0	static
mc_tasks.c:321:13:TSK_MediumFrequencyTaskM1	24	static
mc_tasks.c:250:13:MC_Scheduler	16	static
mc_tasks.c:671:16:TSK_HighFrequencyTask	48	static
mc_tasks.c:794:13:TSK_SafetyTask_PWMOFF	24	static
mc_tasks.c:772:13:TSK_SafetyTask	8	static
mc_tasks.c:212:13:MC_RunMotorControlTasks	8	static
mc_tasks.c:842:23:GetMCI	0	static
mc_tasks.c:858:13:TSK_HardwareFaultTask	8	static
mc_tasks.c:870:13:UI_HandleStartStopButton_cb	8	static
mc_tasks.c:888:13:mc_lock_pins	96	static
