regular_conversion_manager.c:205:9:RCM_RegisterRegConv	16	static
regular_conversion_manager.c:168:9:RCM_RegisterRegConv_WithCB	16	static
regular_conversion_manager.c:312:10:RCM_ExecRegularConv	16	static
regular_conversion_manager.c:429:6:RCM_RequestUserConv	0	static
regular_conversion_manager.c:454:10:RCM_GetUserConv	0	static
regular_conversion_manager.c:476:6:RCM_ExecUserConv	16	static
regular_conversion_manager.c:516:21:RCM_GetUserConvState	0	static
regular_conversion_manager.c:538:6:RCM_PauseRegularConv	8	static
regular_conversion_manager.c:584:6:RCM_ExecNextConv	16	static
regular_conversion_manager.c:626:6:RCM_ReadOngoingConv	12	static
