stm32g4xx_mc_it.c:84:6:ADC1_2_IRQHandler	0	static
stm32g4xx_mc_it.c:116:6:TIM1_UP_TIM16_IRQHandler	0	static
stm32g4xx_mc_it.c:130:6:TIM1_BRK_TIM15_IRQHandler	8	static
stm32g4xx_mc_it.c:166:6:TIM4_IRQHandler	8	static
stm32g4xx_mc_it.c:207:6:DMA2_Channel2_IRQHandler	0	static
stm32g4xx_mc_it.c:235:6:USART2_IRQHandler	8	static,ignoring_inline_asm
stm32g4xx_mc_it.c:309:6:HardFault_Handler	8	static
stm32g4xx_mc_it.c:327:6:SysTick_Handler	8	static
stm32g4xx_mc_it.c:355:6:EXTI15_10_IRQHandler	0	static
