stm32g4xx_hal_msp.c:68:6:HAL_MspInit	16	static
stm32g4xx_hal_msp.c:98:6:HAL_ADC_MspInit	128	static
stm32g4xx_hal_msp.c:187:6:HAL_ADC_MspDeInit	8	static
stm32g4xx_hal_msp.c:261:6:HAL_COMP_MspInit	48	static
stm32g4xx_hal_msp.c:330:6:HAL_COMP_MspDeInit	0	static
stm32g4xx_hal_msp.c:386:6:HAL_CORDIC_MspInit	8	static
stm32g4xx_hal_msp.c:408:6:HAL_CORDIC_MspDeInit	0	static
stm32g4xx_hal_msp.c:430:6:HAL_DAC_MspInit	8	static
stm32g4xx_hal_msp.c:452:6:HAL_DAC_MspDeInit	0	static
stm32g4xx_hal_msp.c:474:6:HAL_OPAMP_MspInit	48	static
stm32g4xx_hal_msp.c:549:6:HAL_OPAMP_MspDeInit	0	static
stm32g4xx_hal_msp.c:611:6:HAL_TIM_Base_MspInit	56	static
stm32g4xx_hal_msp.c:653:6:HAL_TIM_MspPostInit	64	static
stm32g4xx_hal_msp.c:706:6:HAL_TIM_Base_MspDeInit	8	static
stm32g4xx_hal_msp.c:753:6:HAL_UART_MspInit	112	static
stm32g4xx_hal_msp.c:834:6:HAL_UART_MspDeInit	8	static
